========== JOB START Mon May 25 04:08:09 CEST 2026 ==========
SLURM_JOB_ID=5420063
SLURM_ARRAY_TASK_ID=3
Extracting dataset to /tmp/rszymanski/dl_5420063_3/inaturalist_12K
Copying segmented dataset...
Warning: class Fungi has 999 train images, expected 1000
Sanity check passed: no file appears in more than one split.
Created split in: /tmp/rszymanski/dl_5420063_3/inaturalist_12K/splits/split_seed_42
========== TRAINING START Mon May 25 04:08:31 CEST 2026 ==========
Device: cuda
GPU: Tesla V100-SXM2-16GB

================ RUN CONFIG ================
run_name            : complex_inception_final_p1_job5420063
out_dir             : runs_10class
seed                : 42
mode                : train
checkpoint          : None
final_train         : True
max_train_samples   : None
train_domain        : normal
eval_domains        : ['normal']
normal_split_dir    : /tmp/rszymanski/dl_5420063_3/inaturalist_12K/splits/split_seed_42
normal_root         : /tmp/rszymanski/dl_5420063_3/inaturalist_12K
normal_strip_prefix : None
cropped_split_dir   : inaturalist_12K/splits/split_seed_42
cropped_root        : inaturalist_12K_cropped
cropped_strip_prefix: inaturalist_12K/raw
model_type          : complex_inception
dropout             : 0.3
epochs              : 35
batch_size          : 32
lr                  : 0.0003
weight_decay        : 0.001
optimizer           : adamw
momentum            : 0.9
grad_clip           : 1.0
patience            : 0
min_delta           : 0.0001
img_size            : 224
aug                 : random_resized_crop
num_workers         : 4
no_pin_memory       : False
use_segmented       : True
segmented_root      : /tmp/rszymanski/dl_5420063_3/inaturalist_12K_segmented/segm_full_train_val_vitb_pps16
segmented_prob      : 1.0
segmented_val       : False
device              : cuda
amp                 : True
resume              : True
pin_memory          : True
============================================

Using random resized crop
FINAL TRAINING MODE: full dataset, no early stopping.
Total parameters: 1570442
Trainable parameters: 1570442
Epoch 001/35 FINAL | train loss 2.1340, acc 0.2290, m-recall 0.2290, m-prec 0.2225 | 90.0s
Epoch 002/35 FINAL | train loss 2.0156, acc 0.2960, m-recall 0.2960, m-prec 0.2927 | 40.7s
Epoch 003/35 FINAL | train loss 1.9434, acc 0.3259, m-recall 0.3259, m-prec 0.3196 | 40.5s
Epoch 004/35 FINAL | train loss 1.8890, acc 0.3453, m-recall 0.3453, m-prec 0.3391 | 40.8s
Epoch 005/35 FINAL | train loss 1.8384, acc 0.3647, m-recall 0.3647, m-prec 0.3581 | 40.1s
Epoch 006/35 FINAL | train loss 1.7938, acc 0.3807, m-recall 0.3807, m-prec 0.3746 | 41.0s
Epoch 007/35 FINAL | train loss 1.7530, acc 0.3973, m-recall 0.3973, m-prec 0.3924 | 40.8s
Epoch 008/35 FINAL | train loss 1.7222, acc 0.4049, m-recall 0.4049, m-prec 0.4005 | 40.3s
Epoch 009/35 FINAL | train loss 1.6897, acc 0.4224, m-recall 0.4224, m-prec 0.4186 | 40.5s
========== JOB START Tue May 26 08:15:03 CEST 2026 ==========
SLURM_JOB_ID=5420063
SLURM_ARRAY_TASK_ID=3
Extracting dataset to /tmp/rszymanski/dl_5420063_3/inaturalist_12K
Copying segmented dataset...
Warning: class Fungi has 999 train images, expected 1000
Sanity check passed: no file appears in more than one split.
Created split in: /tmp/rszymanski/dl_5420063_3/inaturalist_12K/splits/split_seed_42
========== TRAINING START Tue May 26 08:15:24 CEST 2026 ==========
Device: cuda
GPU: NVIDIA L40S

================ RUN CONFIG ================
run_name            : complex_inception_final_p1_job5420063
out_dir             : runs_10class
seed                : 42
mode                : train
checkpoint          : None
final_train         : True
max_train_samples   : None
train_domain        : normal
eval_domains        : ['normal']
normal_split_dir    : /tmp/rszymanski/dl_5420063_3/inaturalist_12K/splits/split_seed_42
normal_root         : /tmp/rszymanski/dl_5420063_3/inaturalist_12K
normal_strip_prefix : None
cropped_split_dir   : inaturalist_12K/splits/split_seed_42
cropped_root        : inaturalist_12K_cropped
cropped_strip_prefix: inaturalist_12K/raw
model_type          : complex_inception
dropout             : 0.3
epochs              : 35
batch_size          : 32
lr                  : 0.0003
weight_decay        : 0.001
optimizer           : adamw
momentum            : 0.9
grad_clip           : 1.0
patience            : 0
min_delta           : 0.0001
img_size            : 224
aug                 : random_resized_crop
num_workers         : 4
no_pin_memory       : False
use_segmented       : True
segmented_root      : /tmp/rszymanski/dl_5420063_3/inaturalist_12K_segmented/segm_full_train_val_vitb_pps16
segmented_prob      : 1.0
segmented_val       : False
device              : cuda
amp                 : True
resume              : True
pin_memory          : True
============================================

Using random resized crop
FINAL TRAINING MODE: full dataset, no early stopping.
Total parameters: 1570442
Trainable parameters: 1570442
Resuming from runs_10class/complex_inception_final_p1_job5420063/complex_inception_latest.pt
Continuing at epoch 10
Epoch 010/35 FINAL | train loss 1.6364, acc 0.4383, m-recall 0.4383, m-prec 0.4352 | 65.4s
Epoch 011/35 FINAL | train loss 1.6161, acc 0.4505, m-recall 0.4505, m-prec 0.4467 | 29.7s
Epoch 012/35 FINAL | train loss 1.5888, acc 0.4603, m-recall 0.4603, m-prec 0.4573 | 29.6s
Epoch 013/35 FINAL | train loss 1.5667, acc 0.4626, m-recall 0.4626, m-prec 0.4610 | 29.8s
Epoch 014/35 FINAL | train loss 1.5386, acc 0.4749, m-recall 0.4749, m-prec 0.4729 | 30.9s
Epoch 015/35 FINAL | train loss 1.5113, acc 0.4844, m-recall 0.4844, m-prec 0.4841 | 31.7s
Epoch 016/35 FINAL | train loss 1.4893, acc 0.4954, m-recall 0.4954, m-prec 0.4955 | 30.8s
Epoch 017/35 FINAL | train loss 1.4718, acc 0.5028, m-recall 0.5027, m-prec 0.5018 | 30.0s
Epoch 018/35 FINAL | train loss 1.4468, acc 0.5105, m-recall 0.5104, m-prec 0.5113 | 29.9s
Epoch 019/35 FINAL | train loss 1.4300, acc 0.5159, m-recall 0.5158, m-prec 0.5164 | 29.9s
Epoch 020/35 FINAL | train loss 1.4161, acc 0.5207, m-recall 0.5206, m-prec 0.5200 | 30.0s
Epoch 021/35 FINAL | train loss 1.4045, acc 0.5243, m-recall 0.5242, m-prec 0.5247 | 30.0s
Epoch 022/35 FINAL | train loss 1.3677, acc 0.5344, m-recall 0.5343, m-prec 0.5345 | 30.0s
Epoch 023/35 FINAL | train loss 1.3593, acc 0.5409, m-recall 0.5409, m-prec 0.5412 | 29.6s
Epoch 024/35 FINAL | train loss 1.3421, acc 0.5464, m-recall 0.5463, m-prec 0.5468 | 30.2s
Epoch 025/35 FINAL | train loss 1.3209, acc 0.5570, m-recall 0.5570, m-prec 0.5578 | 30.1s
Epoch 026/35 FINAL | train loss 1.2900, acc 0.5622, m-recall 0.5622, m-prec 0.5627 | 29.9s
Epoch 027/35 FINAL | train loss 1.2664, acc 0.5765, m-recall 0.5765, m-prec 0.5774 | 29.6s
Epoch 028/35 FINAL | train loss 1.2491, acc 0.5818, m-recall 0.5818, m-prec 0.5825 | 29.8s
Epoch 029/35 FINAL | train loss 1.2442, acc 0.5809, m-recall 0.5809, m-prec 0.5827 | 29.7s
Epoch 030/35 FINAL | train loss 1.2030, acc 0.5906, m-recall 0.5906, m-prec 0.5922 | 29.7s
Epoch 031/35 FINAL | train loss 1.1792, acc 0.5994, m-recall 0.5994, m-prec 0.6019 | 30.1s
Epoch 032/35 FINAL | train loss 1.1695, acc 0.6063, m-recall 0.6063, m-prec 0.6074 | 29.9s
Epoch 033/35 FINAL | train loss 1.1412, acc 0.6146, m-recall 0.6146, m-prec 0.6158 | 30.4s
Epoch 034/35 FINAL | train loss 1.1236, acc 0.6227, m-recall 0.6227, m-prec 0.6242 | 30.0s
Epoch 035/35 FINAL | train loss 1.0953, acc 0.6277, m-recall 0.6277, m-prec 0.6287 | 30.2s
Removed resume checkpoint: runs_10class/complex_inception_final_p1_job5420063/complex_inception_latest.pt
