========== JOB START Sun May 24 22:04:31 CEST 2026 ==========
SLURM_JOB_ID=5420059
SLURM_ARRAY_TASK_ID=2
Extracting dataset to /tmp/rszymanski/dl_5420059_2/inaturalist_12K
Copying segmented dataset...
Warning: class Fungi has 999 train images, expected 1000
Sanity check passed: no file appears in more than one split.
Created split in: /tmp/rszymanski/dl_5420059_2/inaturalist_12K/splits/split_seed_42
========== TRAINING START Sun May 24 22:05:11 CEST 2026 ==========
Device: cpu

================ RUN CONFIG ================
run_name            : resnet18_final_p025_job5420059
out_dir             : runs_10class
seed                : 42
mode                : train
checkpoint          : None
final_train         : True
max_train_samples   : None
train_domain        : normal
eval_domains        : ['normal']
normal_split_dir    : /tmp/rszymanski/dl_5420059_2/inaturalist_12K/splits/split_seed_42
normal_root         : /tmp/rszymanski/dl_5420059_2/inaturalist_12K
normal_strip_prefix : None
cropped_split_dir   : inaturalist_12K/splits/split_seed_42
cropped_root        : inaturalist_12K_cropped
cropped_strip_prefix: inaturalist_12K/raw
model_type          : resnet18
dropout             : 0.3
epochs              : 30
batch_size          : 32
lr                  : 0.001
weight_decay        : 0.0001
optimizer           : adamw
momentum            : 0.9
grad_clip           : 1.0
patience            : 0
min_delta           : 0.0001
img_size            : 224
aug                 : random_resized_crop
num_workers         : 4
no_pin_memory       : False
use_segmented       : True
segmented_root      : /tmp/rszymanski/dl_5420059_2/inaturalist_12K_segmented/segm_full_train_val_vitb_pps16
segmented_prob      : 0.25
segmented_val       : False
device              : cpu
amp                 : False
resume              : True
pin_memory          : True
============================================

Using random resized crop
FINAL TRAINING MODE: full dataset, no early stopping.
Total parameters: 11181642
Trainable parameters: 5130
Epoch 001/30 FINAL | train loss 1.3034, acc 0.5780, m-recall 0.5780, m-prec 0.5776 | 198.1s
Epoch 002/30 FINAL | train loss 1.0141, acc 0.6718, m-recall 0.6718, m-prec 0.6727 | 198.2s
Epoch 003/30 FINAL | train loss 0.9742, acc 0.6807, m-recall 0.6807, m-prec 0.6816 | 197.5s
Epoch 004/30 FINAL | train loss 0.9561, acc 0.6842, m-recall 0.6842, m-prec 0.6851 | 197.8s
Epoch 005/30 FINAL | train loss 0.9390, acc 0.6901, m-recall 0.6901, m-prec 0.6911 | 196.7s
Epoch 006/30 FINAL | train loss 0.9338, acc 0.6941, m-recall 0.6941, m-prec 0.6949 | 196.9s
Epoch 007/30 FINAL | train loss 0.9181, acc 0.6983, m-recall 0.6983, m-prec 0.6991 | 196.6s
Epoch 008/30 FINAL | train loss 0.9272, acc 0.6943, m-recall 0.6943, m-prec 0.6945 | 198.6s
Epoch 009/30 FINAL | train loss 0.9147, acc 0.6983, m-recall 0.6983, m-prec 0.6985 | 197.4s
Epoch 010/30 FINAL | train loss 0.9061, acc 0.7015, m-recall 0.7015, m-prec 0.7021 | 198.4s
Epoch 011/30 FINAL | train loss 0.8959, acc 0.6989, m-recall 0.6989, m-prec 0.6996 | 198.0s
Epoch 012/30 FINAL | train loss 0.9087, acc 0.7001, m-recall 0.7001, m-prec 0.7005 | 197.6s
Epoch 013/30 FINAL | train loss 0.8995, acc 0.7014, m-recall 0.7014, m-prec 0.7023 | 197.8s
Epoch 014/30 FINAL | train loss 0.9066, acc 0.7007, m-recall 0.7007, m-prec 0.7014 | 198.4s
Epoch 015/30 FINAL | train loss 0.9015, acc 0.6985, m-recall 0.6985, m-prec 0.6989 | 197.9s
Epoch 016/30 FINAL | train loss 0.9011, acc 0.7012, m-recall 0.7012, m-prec 0.7014 | 197.7s
Epoch 017/30 FINAL | train loss 0.8836, acc 0.7032, m-recall 0.7032, m-prec 0.7040 | 197.8s
Epoch 018/30 FINAL | train loss 0.8788, acc 0.7050, m-recall 0.7050, m-prec 0.7055 | 197.4s
Epoch 019/30 FINAL | train loss 0.9065, acc 0.7039, m-recall 0.7039, m-prec 0.7041 | 196.9s
Epoch 020/30 FINAL | train loss 0.8910, acc 0.7021, m-recall 0.7021, m-prec 0.7022 | 196.2s
Epoch 021/30 FINAL | train loss 0.8856, acc 0.7090, m-recall 0.7090, m-prec 0.7094 | 197.4s
Epoch 022/30 FINAL | train loss 0.8901, acc 0.7016, m-recall 0.7016, m-prec 0.7023 | 197.7s
Epoch 023/30 FINAL | train loss 0.8803, acc 0.7091, m-recall 0.7091, m-prec 0.7097 | 198.1s
Epoch 024/30 FINAL | train loss 0.8946, acc 0.7073, m-recall 0.7073, m-prec 0.7077 | 197.0s
Epoch 025/30 FINAL | train loss 0.8718, acc 0.7091, m-recall 0.7091, m-prec 0.7093 | 197.4s
Epoch 026/30 FINAL | train loss 0.8753, acc 0.7131, m-recall 0.7131, m-prec 0.7132 | 198.1s
Epoch 027/30 FINAL | train loss 0.8795, acc 0.7035, m-recall 0.7035, m-prec 0.7038 | 196.6s
Epoch 028/30 FINAL | train loss 0.8870, acc 0.7062, m-recall 0.7062, m-prec 0.7065 | 198.1s
Epoch 029/30 FINAL | train loss 0.8731, acc 0.7162, m-recall 0.7162, m-prec 0.7162 | 197.4s
Epoch 030/30 FINAL | train loss 0.8740, acc 0.7127, m-recall 0.7127, m-prec 0.7130 | 197.0s
Removed resume checkpoint: runs_10class/resnet18_final_p025_job5420059/resnet18_latest.pt
